../Core/Src/main.c:79:6:SysTick_Handler	4	static
../Core/Src/main.c:85:6:GPIO_init	4	static
../Core/Src/main.c:124:6:ADC_init	4	static
../Core/Src/main.c:163:6:delay_ms	24	static
../Core/Src/main.c:171:6:ADC_enable	8	static
../Core/Src/main.c:176:6:ADC_startconv	16	static
../Core/Src/main.c:185:6:ADC_waitconv	4	static
../Core/Src/main.c:192:5:ADC_GetVal	4	static
../Core/Src/main.c:198:13:do_sys_config	8	static
../Core/Src/main.c:394:5:find_str	168	static
../Core/Src/main.c:451:6:ESP_init	96	static
../Core/Src/main.c:508:5:find_str2	248	static
../Core/Src/main.c:578:6:ESP_Send_Multi	768	static
../Core/Src/main.c:619:5:ESP_Receive1	248	static
../Core/Src/main.c:651:5:ESP_Receive2	248	static
../Core/Src/main.c:680:5:ESP_Receive3	248	static
../Core/Src/main.c:710:5:ESP_Receive4	248	static
../Core/Src/main.c:740:5:ESP_Receive5	248	static
../Core/Src/main.c:770:5:ESP_Receive6	248	static
../Core/Src/main.c:801:6:ESP_Send	16	static
../Core/Src/main.c:832:5:AAA	32	static
../Core/Src/main.c:885:5:main	64	static
